This file contains any messages produced by compilers while
running configure, to aid debugging if configure makes a mistake.

It was created by libsodium configure 1.0.20, which was
generated by GNU Autoconf 2.72.  Invocation command line was

  $ ./configure

## --------- ##
## Platform. ##
## --------- ##

hostname = fedora
uname -m = x86_64
uname -r = 6.16.7-200.fc42.x86_64
uname -s = Linux
uname -v = #1 SMP PREEMPT_DYNAMIC Thu Sep 11 17:46:54 UTC 2025

/usr/bin/uname -p = unknown
/bin/uname -X     = unknown

/bin/arch              = x86_64
/usr/bin/arch -k       = unknown
/usr/convex/getsysinfo = unknown
/usr/bin/hostinfo      = unknown
/bin/machine           = unknown
/usr/bin/oslevel       = unknown
/bin/universe          = unknown

PATH: /home/pietro/.sdkman/candidates/kotlin/current/bin/
PATH: /home/pietro/.local/bin/
PATH: /home/pietro/bin/
PATH: /usr/local/bin/
PATH: /usr/bin/
PATH: /home/pietro/.composer/vendor/bin/
PATH: /home/pietro/.nimble/bin/
PATH: /home/pietro/nimbledeps/bin/
PATH: /home/pietro/.nimble/bin/
PATH: /home/pietro/nimbledeps/bin/
PATH: /home/pietro/.cargo/bin/


## ----------- ##
## Core tests. ##
## ----------- ##

configure:2653: looking for aux files: ltmain.sh compile missing install-sh config.guess config.sub
configure:2666:  trying ./build-aux/
configure:2695:   ./build-aux/ltmain.sh found
configure:2695:   ./build-aux/compile found
configure:2695:   ./build-aux/missing found
configure:2677:   ./build-aux/install-sh found
configure:2695:   ./build-aux/config.guess found
configure:2695:   ./build-aux/config.sub found
configure:2817: checking build system type
configure:2833: result: x86_64-pc-linux-gnu
configure:2853: checking host system type
configure:2868: result: x86_64-pc-linux-gnu
configure:2888: checking target system type
configure:2903: result: x86_64-pc-linux-gnu
configure:2946: checking for a BSD-compatible install
configure:3020: result: /usr/bin/install -c
configure:3031: checking whether build environment is sane
configure:3083: error: newly created file is older than distributed files!
Check your system clock

## ---------------- ##
## Cache variables. ##
## ---------------- ##

ac_cv_build=x86_64-pc-linux-gnu
ac_cv_env_AR_set=
ac_cv_env_AR_value=
ac_cv_env_CCASFLAGS_set=
ac_cv_env_CCASFLAGS_value=
ac_cv_env_CCAS_set=
ac_cv_env_CCAS_value=
ac_cv_env_CC_set=
ac_cv_env_CC_value=
ac_cv_env_CFLAGS_set=
ac_cv_env_CFLAGS_value=
ac_cv_env_CPPFLAGS_set=
ac_cv_env_CPPFLAGS_value=
ac_cv_env_CPP_set=
ac_cv_env_CPP_value=
ac_cv_env_CWFLAGS_set=
ac_cv_env_CWFLAGS_value=
ac_cv_env_LDFLAGS_set=
ac_cv_env_LDFLAGS_value=
ac_cv_env_LIBS_set=
ac_cv_env_LIBS_value=
ac_cv_env_LT_SYS_LIBRARY_PATH_set=
ac_cv_env_LT_SYS_LIBRARY_PATH_value=
ac_cv_env_SAFECODE_HOME_set=
ac_cv_env_SAFECODE_HOME_value=
ac_cv_env_build_alias_set=
ac_cv_env_build_alias_value=
ac_cv_env_host_alias_set=
ac_cv_env_host_alias_value=
ac_cv_env_target_alias_set=
ac_cv_env_target_alias_value=
ac_cv_host=x86_64-pc-linux-gnu
ac_cv_path_install='/usr/bin/install -c'
ac_cv_target=x86_64-pc-linux-gnu

## ----------------- ##
## Output variables. ##
## ----------------- ##

ACLOCAL=''
ALLOCA=''
AMDEPBACKSLASH=''
AMDEP_FALSE=''
AMDEP_TRUE=''
AMTAR=''
AM_BACKSLASH=''
AM_DEFAULT_V=''
AM_DEFAULT_VERBOSITY=''
AM_V=''
AR=''
AUTOCONF=''
AUTOHEADER=''
AUTOMAKE=''
AWK=''
CC=''
CCAS=''
CCASDEPMODE=''
CCASFLAGS=''
CCDEPMODE=''
CFLAGS=''
CFLAGS_AESNI=''
CFLAGS_ARMCRYPTO=''
CFLAGS_AVX2=''
CFLAGS_AVX512F=''
CFLAGS_AVX=''
CFLAGS_MMX=''
CFLAGS_PCLMUL=''
CFLAGS_RDRAND=''
CFLAGS_SSE2=''
CFLAGS_SSE3=''
CFLAGS_SSE41=''
CFLAGS_SSSE3=''
CPP=''
CPPFLAGS=''
CSCOPE=''
CTAGS=''
CWFLAGS=''
CYGPATH_W=''
DEFS=''
DEPDIR=''
DLLTOOL=''
DLL_VERSION=''
DSYMUTIL=''
DUMPBIN=''
ECHO_C=''
ECHO_N='-n'
ECHO_T=''
EGREP=''
EMSCRIPTEN_FALSE=''
EMSCRIPTEN_TRUE=''
ENABLE_VALGRIND_drd=''
ENABLE_VALGRIND_helgrind=''
ENABLE_VALGRIND_memcheck=''
ENABLE_VALGRIND_sgcheck=''
ETAGS=''
EXEEXT=''
FGREP=''
FILECMD=''
GREP=''
HAVE_AMD64_ASM_FALSE=''
HAVE_AMD64_ASM_TRUE=''
HAVE_AMD64_ASM_V=''
HAVE_AVX_ASM_FALSE=''
HAVE_AVX_ASM_TRUE=''
HAVE_AVX_ASM_V=''
HAVE_CPUID_V=''
HAVE_LD_OUTPUT_DEF_FALSE=''
HAVE_LD_OUTPUT_DEF_TRUE=''
HAVE_TI_MODE_FALSE=''
HAVE_TI_MODE_TRUE=''
HAVE_TI_MODE_V=''
INSTALL_DATA='${INSTALL} -m 644'
INSTALL_PROGRAM='${INSTALL}'
INSTALL_SCRIPT='${INSTALL}'
INSTALL_STRIP_PROGRAM=''
LD=''
LDFLAGS=''
LIBOBJS=''
LIBS=''
LIBTOOL=''
LIBTOOL_DEPS=''
LIBTOOL_EXTRA_FLAGS=''
LIPO=''
LN_S=''
LTLIBOBJS=''
LT_SYS_LIBRARY_PATH=''
MAINT=''
MAINTAINER_MODE_FALSE=''
MAINTAINER_MODE_TRUE=''
MAKEINFO=''
MANIFEST_TOOL=''
MINIMAL_FALSE=''
MINIMAL_TRUE=''
MKDIR_P=''
NM=''
NMEDIT=''
OBJDUMP=''
OBJEXT=''
OTOOL64=''
OTOOL=''
PACKAGE=''
PACKAGE_BUGREPORT='https://github.com/jedisct1/libsodium/issues'
PACKAGE_NAME='libsodium'
PACKAGE_STRING='libsodium 1.0.20'
PACKAGE_TARNAME='libsodium'
PACKAGE_URL='https://libsodium.org'
PACKAGE_VERSION='1.0.20'
PATH_SEPARATOR=':'
PKGCONFIG_LIBS_PRIVATE=''
PTHREAD_CC=''
PTHREAD_CFLAGS=''
PTHREAD_CXX=''
PTHREAD_LIBS=''
RANLIB=''
SAFECODE_HOME=''
SED=''
SET_MAKE=''
SHELL='/bin/sh'
SODIUM_LIBRARY_MINIMAL_DEF=''
SODIUM_LIBRARY_VERSION=''
SODIUM_LIBRARY_VERSION_MAJOR=''
SODIUM_LIBRARY_VERSION_MINOR=''
STRIP=''
TEST_LDFLAGS=''
VALGRIND=''
VALGRIND_CHECK_RULES=''
VALGRIND_ENABLED=''
VALGRIND_ENABLED_FALSE=''
VALGRIND_ENABLED_TRUE=''
VERSION=''
WASI_FALSE=''
WASI_TRUE=''
ac_ct_AR=''
ac_ct_CC=''
ac_ct_DUMPBIN=''
am__EXEEXT_FALSE=''
am__EXEEXT_TRUE=''
am__fastdepCCAS_FALSE=''
am__fastdepCCAS_TRUE=''
am__fastdepCC_FALSE=''
am__fastdepCC_TRUE=''
am__include=''
am__isrc=''
am__leading_dot=''
am__nodep=''
am__quote=''
am__tar=''
am__untar=''
ax_pthread_config=''
bindir='${exec_prefix}/bin'
build='x86_64-pc-linux-gnu'
build_alias=''
build_cpu='x86_64'
build_os='linux-gnu'
build_vendor='pc'
datadir='${datarootdir}'
datarootdir='${prefix}/share'
docdir='${datarootdir}/doc/${PACKAGE_TARNAME}'
dvidir='${docdir}'
exec_prefix='NONE'
host='x86_64-pc-linux-gnu'
host_alias=''
host_cpu='x86_64'
host_os='linux-gnu'
host_vendor='pc'
htmldir='${docdir}'
includedir='${prefix}/include'
infodir='${datarootdir}/info'
install_sh=''
libdir='${exec_prefix}/lib'
libexecdir='${exec_prefix}/libexec'
localedir='${datarootdir}/locale'
localstatedir='${prefix}/var'
mandir='${datarootdir}/man'
mkdir_p=''
oldincludedir='/usr/include'
pdfdir='${docdir}'
prefix='NONE'
program_transform_name='s,x,x,'
psdir='${docdir}'
runstatedir='${localstatedir}/run'
sbindir='${exec_prefix}/sbin'
sharedstatedir='${prefix}/com'
sysconfdir='${prefix}/etc'
target='x86_64-pc-linux-gnu'
target_alias=''
target_cpu='x86_64'
target_os='linux-gnu'
target_vendor='pc'
valgrind_enabled_tools=''
valgrind_tools=''

## ----------- ##
## confdefs.h. ##
## ----------- ##

/* confdefs.h */
#define PACKAGE_NAME "libsodium"
#define PACKAGE_TARNAME "libsodium"
#define PACKAGE_VERSION "1.0.20"
#define PACKAGE_STRING "libsodium 1.0.20"
#define PACKAGE_BUGREPORT "https://github.com/jedisct1/libsodium/issues"
#define PACKAGE_URL "https://libsodium.org"

configure: exit 1
